
import std;
acl vk8s_man_vcl_example_acl {
	"localhost";
	"192.0.2.0"/24;
	! "192.0.2.23";
}

sub vcl_recv {
	if (
	    client.ip !~ vk8s_man_vcl_example_acl
	   ) {
		set req.http.ACL-Whitelist = "fail";
		return(synth(403));
	}
	else {
		set req.http.ACL-Whitelist = "pass";
	}
}
