
import std;
acl vk8s_acl_no_fail_acl {
	"192.0.2.0"/24;
	"198.51.100.0"/24;
	"203.0.113.0"/24;
}

sub vcl_recv {
	if (
	    client.ip !~ vk8s_acl_no_fail_acl
	   ) {
		set req.http.ACL-Whitelist = "fail";
	}
	else {
		set req.http.ACL-Whitelist = "pass";
	}
}
