
import re2;
import selector;


sub vcl_recv {
	if (req.method == "CONNECT") {
		return (pipe);
	}
	return (hash);
}
