
import re2;
import selector;

sub vcl_init {
	new vk8s_rewrite_0 = re2.set(anchor=start);
	vk8s_rewrite_0.add("/foo(/|$)", string="/bar\1", save=true);
	vk8s_rewrite_0.add("/baz(/|$)", string="/quux\1", save=true);
	vk8s_rewrite_0.compile();
}

sub vcl_recv {
	if (vk8s_rewrite_0.match(req.url)) {
		set req.url =
			vk8s_rewrite_0.sub(req.url,
		                                      vk8s_rewrite_0.string());
	}
}
