
import re2;
import selector;



sub vcl_backend_response {
		set beresp.http.X-Foo = "baz";
}
