
import re2;
import selector;



sub vcl_deliver {
		set resp.http.Prepend-Hdr-Target = req.http.Prepend-Hdr-Src + resp.http.Prepend-Hdr-Target;
}
