
import re2;
import selector;



sub vcl_deliver {
		set resp.http.X-Foo = req.http.X-Foo;
}
