
import re2;
import selector;

sub vcl_init {
	new vk8s_rewrite_0 = re2.set();
	vk8s_rewrite_0.add(".", string="bazz");
	vk8s_rewrite_0.compile();
}

sub vcl_deliver {
	if (vk8s_rewrite_0.match(req.http.X-Bazz)) {
		set resp.http.X-Bazz = vk8s_rewrite_0.string() + req.http.X-Bazz;
	}
}
