
import re2;
import selector;



sub vcl_deliver {
		set resp.http.Append-Hdr-Target = resp.http.Append-Hdr-Target + req.http.Append-Hdr-Src;
}
