
import re2;
import selector;



sub vcl_recv {
		set req.http.X-Quux = "baz" + req.http.X-Quux;
}
